<?xml version="1.0" encoding="utf-8"?>
<androidx.cardview.widget.CardView xmlns:android="http://schemas.android.com/apk/res/android"
    xmlns:app="http://schemas.android.com/apk/res-auto"
    android:layout_width="match_parent"
    android:layout_height="wrap_content"
    android:layout_marginHorizontal="10dp"
    android:layout_marginVertical="5dp"
    app:cardCornerRadius="20dp">

    <androidx.appcompat.widget.LinearLayoutCompat
        android:layout_width="match_parent"
        android:layout_height="wrap_content"
        android:orientation="vertical"
        android:padding="5dp">

        <androidx.appcompat.widget.LinearLayoutCompat
            android:layout_width="match_parent"
            android:layout_height="wrap_content"
            android:layout_marginHorizontal="5dp"
            android:orientation="horizontal">

            <de.hdodenhof.circleimageview.CircleImageView
                android:id="@+id/image"
                android:layout_width="0dp"
                android:layout_height="50dp"
                android:layout_gravity="center"
                android:layout_weight="2"
                android:src="@drawable/ic_logo" />

            <androidx.appcompat.widget.LinearLayoutCompat
                android:layout_width="0dp"
                android:layout_height="wrap_content"
                android:layout_gravity="center"
                android:layout_weight="8"
                android:orientation="vertical">

                <androidx.appcompat.widget.AppCompatTextView
                    android:id="@+id/name"
                    android:layout_width="wrap_content"
                    android:layout_height="wrap_content"
                    android:text="DEI"
                    android:layout_margin="5dp"
                    android:textColor="@color/background"
                    android:textStyle="bold" />


                <androidx.appcompat.widget.AppCompatTextView
                    android:id="@+id/date"
                    android:layout_width="wrap_content"
                    android:layout_height="wrap_content"
                    android:text="12/4"
                    android:layout_margin="5dp"
                    android:textColor="@color/background"
                    android:textSize="12sp" />


            </androidx.appcompat.widget.LinearLayoutCompat>

        </androidx.appcompat.widget.LinearLayoutCompat>

        <androidx.appcompat.widget.AppCompatTextView
            android:id="@+id/details"
            android:layout_width="match_parent"
            android:layout_height="wrap_content"
            android:padding="10dp"
            android:textColor="@color/background"/>

    </androidx.appcompat.widget.LinearLayoutCompat>

</androidx.cardview.widget.CardView>